VLP T4 Protokoll – Thu Mar  5 20:15:41 CET 2026
SAM_URL:  https://q39f8p16va.execute-api.eu-central-1.amazonaws.com/Prod
SLS_URL:  https://x9j41qq8u8.execute-api.eu-central-1.amazonaws.com/prod
FAAS_URL: http://aeaf98ecd4b5b4f818de564cba531498-1255126595.eu-central-1.elb.amazonaws.com:8080/function/vlp-vehicle-service
═══════════════════════════════════════════════════════
  Voraussetzungen prüfen
═══════════════════════════════════════════════════════
[2026-03-05 20:15:41] Alle Voraussetzungen erfüllt.
═══════════════════════════════════════════════════════
  Framework: SAM – T4 Cold-Start (5 Wiederholungen)
═══════════════════════════════════════════════════════
[2026-03-05 20:15:41] URL: https://q39f8p16va.execute-api.eu-central-1.amazonaws.com/Prod
[2026-03-05 20:15:41]   Run 1/5 gestartet


  █ THRESHOLDS 

    http_req_failed
    ✓ 'rate<0.01' rate=0.00%


  █ TOTAL RESULTS 

    checks_total.......: 10583   58.743663/s
    checks_succeeded...: 100.00% 10583 out of 10583
    checks_failed......: 0.00%   0 out of 10583

    ✓ Warm-up: status 200

    HTTP
    http_req_duration..............: avg=69.27ms  min=36.01ms  med=48.46ms  max=2.08s p(90)=74.18ms  p(95)=144.77ms
      { expected_response:true }...: avg=69.27ms  min=36.01ms  med=48.46ms  max=2.08s p(90)=74.18ms  p(95)=144.77ms
    http_req_failed................: 0.00%  0 out of 10583
    http_reqs......................: 10583  58.743663/s

    EXECUTION
    iteration_duration.............: avg=170.13ms min=136.59ms med=149.18ms max=2.18s p(90)=174.93ms p(95)=245.24ms
    iterations.....................: 10583  58.743663/s
    vus............................: 10     min=10         max=10
    vus_max........................: 10     min=10         max=10

    NETWORK
    data_received..................: 157 MB 874 kB/s
    data_sent......................: 944 kB 5.2 kB/s



[2026-03-05 20:18:41]   Warm-up abgeschlossen
[2026-03-05 20:18:41]   Abkühlphase gestartet
[2026-03-05 20:33:41]   Wartezeit abgeschlossen: Abkühlphase Run 1/5
[2026-03-05 20:33:41]   Cold-Start-Messung → results/t4_sam_run1.json
[2026-03-05 20:33:42]   Run 1 gespeichert: results/t4_sam_run1.json
[2026-03-05 20:34:13]   Run 2/5 gestartet


  █ THRESHOLDS 

    http_req_failed
    ✓ 'rate<0.01' rate=0.00%


  █ TOTAL RESULTS 

    checks_total.......: 11069   61.434364/s
    checks_succeeded...: 100.00% 11069 out of 11069
    checks_failed......: 0.00%   0 out of 11069

    ✓ Warm-up: status 200

    HTTP
    http_req_duration..............: avg=61.8ms   min=34.09ms med=45.38ms  max=768.01ms p(90)=66.74ms  p(95)=141.64ms
      { expected_response:true }...: avg=61.8ms   min=34.09ms med=45.38ms  max=768.01ms p(90)=66.74ms  p(95)=141.64ms
    http_req_failed................: 0.00%  0 out of 11069
    http_reqs......................: 11069  61.434364/s

    EXECUTION
    iteration_duration.............: avg=162.68ms min=134.4ms med=146.14ms max=932.61ms p(90)=168.32ms p(95)=243ms   
    iterations.....................: 11069  61.434364/s
    vus............................: 10     min=10         max=10
    vus_max........................: 10     min=10         max=10

    NETWORK
    data_received..................: 165 MB 914 kB/s
    data_sent......................: 984 kB 5.5 kB/s



[2026-03-05 20:37:13]   Warm-up abgeschlossen
[2026-03-05 20:37:13]   Abkühlphase gestartet
[2026-03-05 20:52:13]   Wartezeit abgeschlossen: Abkühlphase Run 2/5
[2026-03-05 20:52:13]   Cold-Start-Messung → results/t4_sam_run2.json
[2026-03-05 20:52:14]   Run 2 gespeichert: results/t4_sam_run2.json
[2026-03-05 20:52:44]   Run 3/5 gestartet


  █ THRESHOLDS 

    http_req_failed
    ✓ 'rate<0.01' rate=0.00%


  █ TOTAL RESULTS 

    checks_total.......: 11110   61.672405/s
    checks_succeeded...: 100.00% 11110 out of 11110
    checks_failed......: 0.00%   0 out of 11110

    ✓ Warm-up: status 200

    HTTP
    http_req_duration..............: avg=61.26ms  min=36.37ms  med=45.69ms  max=1.3s p(90)=63.32ms  p(95)=123.23ms
      { expected_response:true }...: avg=61.26ms  min=36.37ms  med=45.69ms  max=1.3s p(90)=63.32ms  p(95)=123.23ms
    http_req_failed................: 0.00%  0 out of 11110
    http_reqs......................: 11110  61.672405/s

    EXECUTION
    iteration_duration.............: avg=162.06ms min=136.71ms med=146.41ms max=1.4s p(90)=164.26ms p(95)=224.93ms
    iterations.....................: 11110  61.672405/s
    vus............................: 10     min=10         max=10
    vus_max........................: 10     min=10         max=10

    NETWORK
    data_received..................: 165 MB 917 kB/s
    data_sent......................: 984 kB 5.5 kB/s



[2026-03-05 20:55:45]   Warm-up abgeschlossen
[2026-03-05 20:55:45]   Abkühlphase gestartet
[2026-03-05 21:10:45]   Wartezeit abgeschlossen: Abkühlphase Run 3/5
[2026-03-05 21:10:45]   Cold-Start-Messung → results/t4_sam_run3.json
[2026-03-05 21:10:46]   Run 3 gespeichert: results/t4_sam_run3.json
[2026-03-05 21:11:16]   Run 4/5 gestartet


  █ THRESHOLDS 

    http_req_failed
    ✓ 'rate<0.01' rate=0.00%


  █ TOTAL RESULTS 

    checks_total.......: 11572   64.255844/s
    checks_succeeded...: 100.00% 11572 out of 11572
    checks_failed......: 0.00%   0 out of 11572

    ✓ Warm-up: status 200

    HTTP
    http_req_duration..............: avg=54.63ms  min=35.14ms med=45.64ms  max=776.53ms p(90)=62.03ms  p(95)=93.01ms 
      { expected_response:true }...: avg=54.63ms  min=35.14ms med=45.64ms  max=776.53ms p(90)=62.03ms  p(95)=93.01ms 
    http_req_failed................: 0.00%  0 out of 11572
    http_reqs......................: 11572  64.255844/s

    EXECUTION
    iteration_duration.............: avg=155.56ms min=135.6ms med=146.45ms max=877.13ms p(90)=163.67ms p(95)=194.38ms
    iterations.....................: 11572  64.255844/s
    vus............................: 10     min=10         max=10
    vus_max........................: 10     min=10         max=10

    NETWORK
    data_received..................: 172 MB 956 kB/s
    data_sent......................: 1.0 MB 5.7 kB/s



[2026-03-05 21:14:16]   Warm-up abgeschlossen
[2026-03-05 21:14:16]   Abkühlphase gestartet
[2026-03-05 21:29:17]   Wartezeit abgeschlossen: Abkühlphase Run 4/5
[2026-03-05 21:29:17]   Cold-Start-Messung → results/t4_sam_run4.json
[2026-03-05 21:29:18]   Run 4 gespeichert: results/t4_sam_run4.json
[2026-03-05 21:29:48]   Run 5/5 gestartet


  █ THRESHOLDS 

    http_req_failed
    ✓ 'rate<0.01' rate=0.00%


  █ TOTAL RESULTS 

    checks_total.......: 10877   60.380683/s
    checks_succeeded...: 100.00% 10877 out of 10877
    checks_failed......: 0.00%   0 out of 10877

    ✓ Warm-up: status 200

    HTTP
    http_req_duration..............: avg=64.7ms   min=34.66ms  med=45.58ms  max=2.29s p(90)=63.09ms  p(95)=113.72ms
      { expected_response:true }...: avg=64.7ms   min=34.66ms  med=45.58ms  max=2.29s p(90)=63.09ms  p(95)=113.72ms
    http_req_failed................: 0.00%  0 out of 10877
    http_reqs......................: 10877  60.380683/s

    EXECUTION
    iteration_duration.............: avg=165.51ms min=135.33ms med=146.31ms max=2.39s p(90)=164.06ms p(95)=215.01ms
    iterations.....................: 10877  60.380683/s
    vus............................: 10     min=10         max=10
    vus_max........................: 10     min=10         max=10

    NETWORK
    data_received..................: 162 MB 898 kB/s
    data_sent......................: 972 kB 5.4 kB/s



[2026-03-05 21:32:48]   Warm-up abgeschlossen
[2026-03-05 21:32:48]   Abkühlphase gestartet
[2026-03-05 21:47:48]   Wartezeit abgeschlossen: Abkühlphase Run 5/5
[2026-03-05 21:47:48]   Cold-Start-Messung → results/t4_sam_run5.json
[2026-03-05 21:47:49]   Run 5 gespeichert: results/t4_sam_run5.json
[2026-03-05 21:47:49] Framework SAM abgeschlossen.
═══════════════════════════════════════════════════════
  Pause: SAM → Serverless Framework (10 min)
═══════════════════════════════════════════════════════
[2026-03-05 21:57:49]   Wartezeit abgeschlossen: Framework-Pause
═══════════════════════════════════════════════════════
  Framework: SLS – T4 Cold-Start (5 Wiederholungen)
═══════════════════════════════════════════════════════
[2026-03-05 21:57:49] URL: https://x9j41qq8u8.execute-api.eu-central-1.amazonaws.com/prod
[2026-03-05 21:57:49]   Run 1/5 gestartet


  █ THRESHOLDS 

    http_req_failed
    ✓ 'rate<0.01' rate=0.00%


  █ TOTAL RESULTS 

    checks_total.......: 11152   61.887897/s
    checks_succeeded...: 100.00% 11152 out of 11152
    checks_failed......: 0.00%   0 out of 11152

    ✓ Warm-up: status 200

    HTTP
    http_req_duration..............: avg=60.57ms  min=35.6ms   med=47.63ms  max=956.55ms p(90)=76.06ms  p(95)=114.64ms
      { expected_response:true }...: avg=60.57ms  min=35.6ms   med=47.63ms  max=956.55ms p(90)=76.06ms  p(95)=114.64ms
    http_req_failed................: 0.00%  0 out of 11152
    http_reqs......................: 11152  61.887897/s

    EXECUTION
    iteration_duration.............: avg=161.45ms min=135.87ms med=148.42ms max=1.05s    p(90)=177.09ms p(95)=215.49ms
    iterations.....................: 11152  61.887897/s
    vus............................: 10     min=10         max=10
    vus_max........................: 10     min=10         max=10

    NETWORK
    data_received..................: 168 MB 930 kB/s
    data_sent......................: 1.0 MB 5.6 kB/s



[2026-03-05 22:00:50]   Warm-up abgeschlossen
[2026-03-05 22:00:50]   Abkühlphase gestartet
[2026-03-05 22:15:51]   Wartezeit abgeschlossen: Abkühlphase Run 1/5
[2026-03-05 22:15:51]   Cold-Start-Messung → results/t4_sls_run1.json
[2026-03-05 22:15:52]   Run 1 gespeichert: results/t4_sls_run1.json
[2026-03-05 22:16:22]   Run 2/5 gestartet


  █ THRESHOLDS 

    http_req_failed
    ✓ 'rate<0.01' rate=0.00%


  █ TOTAL RESULTS 

    checks_total.......: 11403   63.302469/s
    checks_succeeded...: 100.00% 11403 out of 11403
    checks_failed......: 0.00%   0 out of 11403

    ✓ Warm-up: status 200

    HTTP
    http_req_duration..............: avg=56.89ms  min=36.79ms  med=47.93ms  max=561.5ms  p(90)=72.81ms  p(95)=89.45ms 
      { expected_response:true }...: avg=56.89ms  min=36.79ms  med=47.93ms  max=561.5ms  p(90)=72.81ms  p(95)=89.45ms 
    http_req_failed................: 0.00%  0 out of 11403
    http_reqs......................: 11403  63.302469/s

    EXECUTION
    iteration_duration.............: avg=157.86ms min=137.36ms med=148.81ms max=664.02ms p(90)=173.92ms p(95)=191.99ms
    iterations.....................: 11403  63.302469/s
    vus............................: 10     min=10         max=10
    vus_max........................: 10     min=10         max=10

    NETWORK
    data_received..................: 171 MB 951 kB/s
    data_sent......................: 1.0 MB 5.7 kB/s



[2026-03-05 22:19:22]   Warm-up abgeschlossen
[2026-03-05 22:19:22]   Abkühlphase gestartet
[2026-03-05 22:34:23]   Wartezeit abgeschlossen: Abkühlphase Run 2/5
[2026-03-05 22:34:23]   Cold-Start-Messung → results/t4_sls_run2.json
[2026-03-05 22:34:25]   Run 2 gespeichert: results/t4_sls_run2.json
[2026-03-05 22:34:55]   Run 3/5 gestartet


  █ THRESHOLDS 

    http_req_failed
    ✓ 'rate<0.01' rate=0.00%


  █ TOTAL RESULTS 

    checks_total.......: 10646   59.106408/s
    checks_succeeded...: 100.00% 10646 out of 10646
    checks_failed......: 0.00%   0 out of 10646

    ✓ Warm-up: status 200

    HTTP
    http_req_duration..............: avg=68.19ms  min=35.79ms  med=48.36ms  max=2.31s p(90)=86.63ms  p(95)=151.11ms
      { expected_response:true }...: avg=68.19ms  min=35.79ms  med=48.36ms  max=2.31s p(90)=86.63ms  p(95)=151.11ms
    http_req_failed................: 0.00%  0 out of 10646
    http_reqs......................: 10646  59.106408/s

    EXECUTION
    iteration_duration.............: avg=169.11ms min=136.33ms med=149.17ms max=2.41s p(90)=188.25ms p(95)=252.58ms
    iterations.....................: 10646  59.106408/s
    vus............................: 10     min=10         max=10
    vus_max........................: 10     min=10         max=10

    NETWORK
    data_received..................: 160 MB 888 kB/s
    data_sent......................: 955 kB 5.3 kB/s



[2026-03-05 22:37:55]   Warm-up abgeschlossen
[2026-03-05 22:37:55]   Abkühlphase gestartet
[2026-03-05 22:52:55]   Wartezeit abgeschlossen: Abkühlphase Run 3/5
[2026-03-05 22:52:55]   Cold-Start-Messung → results/t4_sls_run3.json
[2026-03-05 22:52:56]   Run 3 gespeichert: results/t4_sls_run3.json
[2026-03-05 22:53:26]   Run 4/5 gestartet


  █ THRESHOLDS 

    http_req_failed
    ✓ 'rate<0.01' rate=0.00%


  █ TOTAL RESULTS 

    checks_total.......: 10459   58.063538/s
    checks_succeeded...: 100.00% 10459 out of 10459
    checks_failed......: 0.00%   0 out of 10459

    ✓ Warm-up: status 200

    HTTP
    http_req_duration..............: avg=71.14ms  min=39.31ms  med=53.66ms  max=1.21s p(90)=86.32ms  p(95)=150.35ms
      { expected_response:true }...: avg=71.14ms  min=39.31ms  med=53.66ms  max=1.21s p(90)=86.32ms  p(95)=150.35ms
    http_req_failed................: 0.00%  0 out of 10459
    http_reqs......................: 10459  58.063538/s

    EXECUTION
    iteration_duration.............: avg=172.13ms min=140.86ms med=154.53ms max=1.38s p(90)=187.36ms p(95)=251.72ms
    iterations.....................: 10459  58.063538/s
    vus............................: 10     min=10         max=10
    vus_max........................: 10     min=10         max=10

    NETWORK
    data_received..................: 157 MB 873 kB/s
    data_sent......................: 946 kB 5.3 kB/s



[2026-03-05 22:56:27]   Warm-up abgeschlossen
[2026-03-05 22:56:27]   Abkühlphase gestartet
[2026-03-05 23:11:27]   Wartezeit abgeschlossen: Abkühlphase Run 4/5
[2026-03-05 23:11:27]   Cold-Start-Messung → results/t4_sls_run4.json
[2026-03-05 23:11:28]   Run 4 gespeichert: results/t4_sls_run4.json
[2026-03-05 23:11:58]   Run 5/5 gestartet


  █ THRESHOLDS 

    http_req_failed
    ✓ 'rate<0.01' rate=0.00%


  █ TOTAL RESULTS 

    checks_total.......: 9836    54.614612/s
    checks_succeeded...: 100.00% 9836 out of 9836
    checks_failed......: 0.00%   0 out of 9836

    ✓ Warm-up: status 200

    HTTP
    http_req_duration..............: avg=82.1ms   min=35.57ms  med=50.22ms  max=2.05s p(90)=113.64ms p(95)=231.17ms
      { expected_response:true }...: avg=82.1ms   min=35.57ms  med=50.22ms  max=2.05s p(90)=113.64ms p(95)=231.17ms
    http_req_failed................: 0.00%  0 out of 9836
    http_reqs......................: 9836   54.614612/s

    EXECUTION
    iteration_duration.............: avg=183.05ms min=135.82ms med=151.17ms max=2.15s p(90)=214.8ms  p(95)=332.26ms
    iterations.....................: 9836   54.614612/s
    vus............................: 10     min=10        max=10
    vus_max........................: 10     min=10        max=10

    NETWORK
    data_received..................: 148 MB 821 kB/s
    data_sent......................: 893 kB 5.0 kB/s



[2026-03-05 23:14:58]   Warm-up abgeschlossen
[2026-03-05 23:14:58]   Abkühlphase gestartet
[2026-03-05 23:29:58]   Wartezeit abgeschlossen: Abkühlphase Run 5/5
[2026-03-05 23:29:58]   Cold-Start-Messung → results/t4_sls_run5.json
[2026-03-05 23:29:59]   Run 5 gespeichert: results/t4_sls_run5.json
[2026-03-05 23:29:59] Framework SLS abgeschlossen.
═══════════════════════════════════════════════════════
  Pause: Serverless Framework → OpenFaaS (10 min)
═══════════════════════════════════════════════════════
[2026-03-05 23:39:59]   Wartezeit abgeschlossen: Framework-Pause
═══════════════════════════════════════════════════════
  Framework: FAAS – T4 Cold-Start (5 Wiederholungen)
═══════════════════════════════════════════════════════
[2026-03-05 23:39:59] URL: http://aeaf98ecd4b5b4f818de564cba531498-1255126595.eu-central-1.elb.amazonaws.com:8080/function/vlp-vehicle-service
[2026-03-05 23:39:59]   Run 1/5 gestartet


  █ THRESHOLDS 

    http_req_failed
    ✓ 'rate<0.01' rate=0.00%


  █ TOTAL RESULTS 

    checks_total.......: 12057   66.945162/s
    checks_succeeded...: 100.00% 12057 out of 12057
    checks_failed......: 0.00%   0 out of 12057

    ✓ Warm-up: status 200

    HTTP
    http_req_duration..............: avg=48.55ms  min=23.86ms  med=32.99ms max=1.7s p(90)=57.34ms  p(95)=109.32ms
      { expected_response:true }...: avg=48.55ms  min=23.86ms  med=32.99ms max=1.7s p(90)=57.34ms  p(95)=109.32ms
    http_req_failed................: 0.00%  0 out of 12057
    http_reqs......................: 12057  66.945162/s

    EXECUTION
    iteration_duration.............: avg=149.31ms min=124.43ms med=133.7ms max=1.8s p(90)=158.22ms p(95)=213.26ms
    iterations.....................: 12057  66.945162/s
    vus............................: 10     min=10         max=10
    vus_max........................: 10     min=10         max=10

    NETWORK
    data_received..................: 180 MB 998 kB/s
    data_sent......................: 2.5 MB 14 kB/s



[2026-03-05 23:43:00]   Warm-up abgeschlossen
[2026-03-05 23:43:00]   Abkühlphase gestartet
[2026-03-05 23:57:59]   Wartezeit abgeschlossen: Abkühlphase Run 1/5
[2026-03-05 23:57:59]   Cold-Start-Messung → results/t4_faas_run1.json
[2026-03-05 23:58:00]   Run 1 gespeichert: results/t4_faas_run1.json
[2026-03-05 23:58:30]   Run 2/5 gestartet


  █ THRESHOLDS 

    http_req_failed
    ✓ 'rate<0.01' rate=0.00%


  █ TOTAL RESULTS 

    checks_total.......: 11976   66.490705/s
    checks_succeeded...: 100.00% 11976 out of 11976
    checks_failed......: 0.00%   0 out of 11976

    ✓ Warm-up: status 200

    HTTP
    http_req_duration..............: avg=49.43ms  min=24.57ms  med=34.36ms  max=921.87ms p(90)=64.25ms p(95)=119.09ms
      { expected_response:true }...: avg=49.43ms  min=24.57ms  med=34.36ms  max=921.87ms p(90)=64.25ms p(95)=119.09ms
    http_req_failed................: 0.00%  0 out of 11976
    http_reqs......................: 11976  66.490705/s

    EXECUTION
    iteration_duration.............: avg=150.33ms min=125.21ms med=135.19ms max=1.02s    p(90)=165.3ms p(95)=220.19ms
    iterations.....................: 11976  66.490705/s
    vus............................: 10     min=10         max=10
    vus_max........................: 10     min=10         max=10

    NETWORK
    data_received..................: 179 MB 991 kB/s
    data_sent......................: 2.5 MB 14 kB/s



[2026-03-06 00:01:30]   Warm-up abgeschlossen
[2026-03-06 00:01:30]   Abkühlphase gestartet
[2026-03-06 00:16:31]   Wartezeit abgeschlossen: Abkühlphase Run 2/5
[2026-03-06 00:16:31]   Cold-Start-Messung → results/t4_faas_run2.json
[2026-03-06 00:16:31]   Run 2 gespeichert: results/t4_faas_run2.json
[2026-03-06 00:17:01]   Run 3/5 gestartet


  █ THRESHOLDS 

    http_req_failed
    ✓ 'rate<0.01' rate=0.00%


  █ TOTAL RESULTS 

    checks_total.......: 12047   66.861866/s
    checks_succeeded...: 100.00% 12047 out of 12047
    checks_failed......: 0.00%   0 out of 12047

    ✓ Warm-up: status 200

    HTTP
    http_req_duration..............: avg=48.47ms  min=23.8ms   med=33.81ms  max=950.64ms p(90)=60.38ms  p(95)=106.63ms
      { expected_response:true }...: avg=48.47ms  min=23.8ms   med=33.81ms  max=950.64ms p(90)=60.38ms  p(95)=106.63ms
    http_req_failed................: 0.00%  0 out of 12047
    http_reqs......................: 12047  66.861866/s

    EXECUTION
    iteration_duration.............: avg=149.46ms min=124.41ms med=134.79ms max=1.05s    p(90)=161.27ms p(95)=207.81ms
    iterations.....................: 12047  66.861866/s
    vus............................: 10     min=10         max=10
    vus_max........................: 10     min=10         max=10

    NETWORK
    data_received..................: 180 MB 997 kB/s
    data_sent......................: 2.5 MB 14 kB/s



[2026-03-06 00:20:02]   Warm-up abgeschlossen
[2026-03-06 00:20:02]   Abkühlphase gestartet
[2026-03-06 00:35:01]   Wartezeit abgeschlossen: Abkühlphase Run 3/5
[2026-03-06 00:35:01]   Cold-Start-Messung → results/t4_faas_run3.json
[2026-03-06 00:35:01]   Run 3 gespeichert: results/t4_faas_run3.json
[2026-03-06 00:35:31]   Run 4/5 gestartet


  █ THRESHOLDS 

    http_req_failed
    ✓ 'rate<0.01' rate=0.00%


  █ TOTAL RESULTS 

    checks_total.......: 12040   66.840244/s
    checks_succeeded...: 100.00% 12040 out of 12040
    checks_failed......: 0.00%   0 out of 12040

    ✓ Warm-up: status 200

    HTTP
    http_req_duration..............: avg=48.7ms   min=24.19ms  med=36.65ms  max=898.39ms p(90)=68.06ms  p(95)=97.37ms 
      { expected_response:true }...: avg=48.7ms   min=24.19ms  med=36.65ms  max=898.39ms p(90)=68.06ms  p(95)=97.37ms 
    http_req_failed................: 0.00%  0 out of 12040
    http_reqs......................: 12040  66.840244/s

    EXECUTION
    iteration_duration.............: avg=149.53ms min=124.75ms med=137.43ms max=999.87ms p(90)=168.94ms p(95)=199.25ms
    iterations.....................: 12040  66.840244/s
    vus............................: 10     min=10         max=10
    vus_max........................: 10     min=10         max=10

    NETWORK
    data_received..................: 179 MB 996 kB/s
    data_sent......................: 2.5 MB 14 kB/s



[2026-03-06 00:38:32]   Warm-up abgeschlossen
[2026-03-06 00:38:32]   Abkühlphase gestartet
[2026-03-06 00:53:32]   Wartezeit abgeschlossen: Abkühlphase Run 4/5
[2026-03-06 00:53:32]   Cold-Start-Messung → results/t4_faas_run4.json
[2026-03-06 00:53:33]   Run 4 gespeichert: results/t4_faas_run4.json
[2026-03-06 00:54:03]   Run 5/5 gestartet


  █ THRESHOLDS 

    http_req_failed
    ✓ 'rate<0.01' rate=0.00%


  █ TOTAL RESULTS 

    checks_total.......: 12143   67.425195/s
    checks_succeeded...: 100.00% 12143 out of 12143
    checks_failed......: 0.00%   0 out of 12143

    ✓ Warm-up: status 200

    HTTP
    http_req_duration..............: avg=47.01ms  min=25.02ms  med=37.63ms  max=431.73ms p(90)=65.33ms  p(95)=77.17ms 
      { expected_response:true }...: avg=47.01ms  min=25.02ms  med=37.63ms  max=431.73ms p(90)=65.33ms  p(95)=77.17ms 
    http_req_failed................: 0.00%  0 out of 12143
    http_reqs......................: 12143  67.425195/s

    EXECUTION
    iteration_duration.............: avg=148.22ms min=125.69ms med=138.86ms max=532.88ms p(90)=166.48ms p(95)=178.77ms
    iterations.....................: 12143  67.425195/s
    vus............................: 10     min=10         max=10
    vus_max........................: 10     min=10         max=10

    NETWORK
    data_received..................: 181 MB 1.0 MB/s
    data_sent......................: 2.5 MB 14 kB/s



[2026-03-06 00:57:03]   Warm-up abgeschlossen
[2026-03-06 00:57:03]   Abkühlphase gestartet
[2026-03-06 01:12:03]   Wartezeit abgeschlossen: Abkühlphase Run 5/5
[2026-03-06 01:12:03]   Cold-Start-Messung → results/t4_faas_run5.json
[2026-03-06 01:12:04]   Run 5 gespeichert: results/t4_faas_run5.json
[2026-03-06 01:12:04] Framework FAAS abgeschlossen.
═══════════════════════════════════════════════════════
  Testreihe abgeschlossen
═══════════════════════════════════════════════════════
[2026-03-06 01:12:04] Testreihe vollständig abgeschlossen.
